// Jest Snapshot v1, https://goo.gl/fbAQLP

exports[`matches snapshot 1`] = `
<BrowserRouter>
  <React.Suspense
    fallback={<Spinner />}
  >
    <Connect(Header) />
    <div
      className="dashboard"
    >
      <Route
        component={[Function]}
        exact={true}
        path="/"
      />
      <Route
        component={
          Object {
            "$$typeof": Symbol(react.lazy),
            "_ctor": [Function],
            "_result": null,
            "_status": -1,
          }
        }
        exact={true}
        path="/surveys"
      />
      <Route
        component={
          Object {
            "$$typeof": Symbol(react.lazy),
            "_ctor": [Function],
            "_result": null,
            "_status": -1,
          }
        }
        exact={true}
        path="/surveys/new"
      />
    </div>
  </React.Suspense>
</BrowserRouter>
`;
